// Jest Snapshot v1, https://goo.gl/fbAQLP

exports[` 1`] = `
"Snapshot Diff:
- First value
+ Second value

@@ -17,10 +17,12 @@
                             Defaults to avoid.
    --no-bracket-spacing     Do not print spaces between brackets.
    --end-of-line <auto|lf|crlf|cr>
                             Which end of line characters to apply.
                             Defaults to auto.
+   --foo-option <bar|baz>   foo description
+                            Defaults to bar.
    --html-single-attribute-per-line
                             Enforce single attribute per line in HTML.
                             Defaults to false.
    --html-whitespace-sensitivity <css|strict|ignore>
                             How to handle whitespaces in HTML."
`;

exports[`show detailed external option with \`--help foo-option\` (stderr) 1`] = `""`;

exports[`show detailed external option with \`--help foo-option\` (stdout) 1`] = `
"--foo-option <bar|baz>

  foo description

Valid options:

  bar   bar description
  baz   baz description

Default: bar
"
`;

exports[`show detailed external option with \`--help foo-option\` (write) 1`] = `Array []`;
